=== RUN   TestIsValidUUID_Invalid
    uuid_test.go:38: Expected 12345678-1234-1234-1234-123456789012 to be invalid UUID
--- FAIL: TestIsValidUUID_Invalid (0.00s)
FAIL
FAIL	github.com/MunifTanjim/stremthru/core	0.092s
FAIL
